// Jest Snapshot v1, https://goo.gl/fbAQLP

exports[`Renders correctly with no pets 1`] = `
<div
  className="search"
>
  <h1>
    No Pets Found
  </h1>
</div>
`;
